// Jest Snapshot v1, https://goo.gl/fbAQLP

exports[`users offline GET /:id 1`] = `
{
  "data": {
    "firstName": "Ilya",
    "id": "1ae02f69-ea1a-4308-b825-0e5896e652e4",
    "lastName": "Blinkov",
    "lastOnlineAt": "2024-08-10T10:01:02Z",
    "nick": "drugtester",
    "online": false,
  },
  "ok": true,
}
`;

exports[`users online GET /:id 1`] = `
{
  "data": {
    "firstName": "Test",
    "id": "ed1a3fd0-4d0b-4961-b4cd-cf212357740d",
    "lastName": "Tester",
    "lastOnlineAt": "2024-08-10T10:10:10Z",
    "nick": "test_tester",
    "online": true,
  },
  "ok": true,
}
`;
